Archive member included to satisfy reference by file (symbol)

/usr/bin/../lib/gcc/arm-none-eabi/6.3.1/../../../../arm-none-eabi/lib/thumb/v6-m/libstdc++_nano.a(pure.o)
                              src/CMakeFiles/ClockController.elf.dir/Adafruit-GFX-Library/Adafruit_GFX.cpp.o (__cxa_pure_virtual)
/usr/bin/../lib/gcc/arm-none-eabi/6.3.1/../../../../arm-none-eabi/lib/thumb/v6-m/libstdc++_nano.a(eh_terminate.o)
                              /usr/bin/../lib/gcc/arm-none-eabi/6.3.1/../../../../arm-none-eabi/lib/thumb/v6-m/libstdc++_nano.a(pure.o) (std::terminate())
/usr/bin/../lib/gcc/arm-none-eabi/6.3.1/../../../../arm-none-eabi/lib/thumb/v6-m/libstdc++_nano.a(eh_unex_handler.o)
                              /usr/bin/../lib/gcc/arm-none-eabi/6.3.1/../../../../arm-none-eabi/lib/thumb/v6-m/libstdc++_nano.a(eh_terminate.o) (__cxxabiv1::__unexpected_handler)
/usr/bin/../lib/gcc/arm-none-eabi/6.3.1/../../../../arm-none-eabi/lib/thumb/v6-m/libstdc++_nano.a(si_class_type_info.o)
                              src/CMakeFiles/ClockController.elf.dir/clockController/flipdot.cpp.o (vtable for __cxxabiv1::__si_class_type_info)
/usr/bin/../lib/gcc/arm-none-eabi/6.3.1/../../../../arm-none-eabi/lib/thumb/v6-m/libstdc++_nano.a(class_type_info.o)
                              /usr/bin/../lib/gcc/arm-none-eabi/6.3.1/../../../../arm-none-eabi/lib/thumb/v6-m/libstdc++_nano.a(si_class_type_info.o) (__cxxabiv1::__class_type_info::__do_upcast(__cxxabiv1::__class_type_info const*, void**) const)
/usr/bin/../lib/gcc/arm-none-eabi/6.3.1/../../../../arm-none-eabi/lib/thumb/v6-m/libstdc++_nano.a(tinfo.o)
                              /usr/bin/../lib/gcc/arm-none-eabi/6.3.1/../../../../arm-none-eabi/lib/thumb/v6-m/libstdc++_nano.a(class_type_info.o) (std::type_info::~type_info())
/usr/bin/../lib/gcc/arm-none-eabi/6.3.1/../../../../arm-none-eabi/lib/thumb/v6-m/libstdc++_nano.a(eh_term_handler.o)
                              /usr/bin/../lib/gcc/arm-none-eabi/6.3.1/../../../../arm-none-eabi/lib/thumb/v6-m/libstdc++_nano.a(eh_terminate.o) (__cxxabiv1::__terminate_handler)
/usr/bin/../lib/gcc/arm-none-eabi/6.3.1/../../../../arm-none-eabi/lib/thumb/v6-m/libstdc++_nano.a(del_ops.o)
                              /usr/bin/../lib/gcc/arm-none-eabi/6.3.1/../../../../arm-none-eabi/lib/thumb/v6-m/libstdc++_nano.a(si_class_type_info.o) (operator delete(void*, unsigned int))
/usr/bin/../lib/gcc/arm-none-eabi/6.3.1/../../../../arm-none-eabi/lib/thumb/v6-m/libstdc++_nano.a(del_op.o)
                              /usr/bin/../lib/gcc/arm-none-eabi/6.3.1/../../../../arm-none-eabi/lib/thumb/v6-m/libstdc++_nano.a(del_ops.o) (operator delete(void*))
/usr/bin/../lib/gcc/arm-none-eabi/6.3.1/thumb/v6-m/libgcc.a(_divsi3.o)
                              src/CMakeFiles/ClockController.elf.dir/clockController/main.cpp.o (__aeabi_idiv)
/usr/bin/../lib/gcc/arm-none-eabi/6.3.1/thumb/v6-m/libgcc.a(_dvmd_tls.o)
                              /usr/bin/../lib/gcc/arm-none-eabi/6.3.1/thumb/v6-m/libgcc.a(_divsi3.o) (__aeabi_idiv0)
/usr/bin/../lib/gcc/arm-none-eabi/6.3.1/thumb/v6-m/libgcc.a(_arm_cmpdf2.o)
                              src/CMakeFiles/ClockController.elf.dir/Adafruit-GFX-Library/Adafruit_GFX.cpp.o (__aeabi_dcmplt)
/usr/bin/../lib/gcc/arm-none-eabi/6.3.1/thumb/v6-m/libgcc.a(eqdf2.o)
                              /usr/bin/../lib/gcc/arm-none-eabi/6.3.1/thumb/v6-m/libgcc.a(_arm_cmpdf2.o) (__eqdf2)
/usr/bin/../lib/gcc/arm-none-eabi/6.3.1/thumb/v6-m/libgcc.a(gedf2.o)
                              /usr/bin/../lib/gcc/arm-none-eabi/6.3.1/thumb/v6-m/libgcc.a(_arm_cmpdf2.o) (__gedf2)
/usr/bin/../lib/gcc/arm-none-eabi/6.3.1/thumb/v6-m/libgcc.a(ledf2.o)
                              /usr/bin/../lib/gcc/arm-none-eabi/6.3.1/thumb/v6-m/libgcc.a(_arm_cmpdf2.o) (__ledf2)
/usr/bin/../lib/gcc/arm-none-eabi/6.3.1/thumb/v6-m/libgcc.a(fixdfsi.o)
                              src/CMakeFiles/ClockController.elf.dir/Adafruit-GFX-Library/Adafruit_GFX.cpp.o (__aeabi_d2iz)
/usr/bin/../lib/gcc/arm-none-eabi/6.3.1/thumb/v6-m/libgcc.a(floatsidf.o)
                              src/CMakeFiles/ClockController.elf.dir/Adafruit-GFX-Library/Adafruit_GFX.cpp.o (__aeabi_i2d)
/usr/bin/../lib/gcc/arm-none-eabi/6.3.1/thumb/v6-m/libgcc.a(_clzsi2.o)
                              /usr/bin/../lib/gcc/arm-none-eabi/6.3.1/thumb/v6-m/libgcc.a(floatsidf.o) (__clzsi2)
/usr/bin/../lib/gcc/arm-none-eabi/6.3.1/../../../../arm-none-eabi/lib/thumb/v6-m/libc_nano.a(lib_a-abort.o)
                              /usr/bin/../lib/gcc/arm-none-eabi/6.3.1/../../../../arm-none-eabi/lib/thumb/v6-m/libstdc++_nano.a(eh_terminate.o) (abort)
/usr/bin/../lib/gcc/arm-none-eabi/6.3.1/../../../../arm-none-eabi/lib/thumb/v6-m/libc_nano.a(lib_a-exit.o)
                              /usr/bin/../lib/gcc/arm-none-eabi/6.3.1/../../../../arm-none-eabi/lib/thumb/v6-m/crt0.o (exit)
/usr/bin/../lib/gcc/arm-none-eabi/6.3.1/../../../../arm-none-eabi/lib/thumb/v6-m/libc_nano.a(lib_a-impure.o)
[...]
Memory Configuration

Name             Origin             Length             Attributes
rom              0x0000000000000000 0x0000000000004000 xr
ram              0x0000000020000000 0x0000000000001000 xrw
*default*        0x0000000000000000 0xffffffffffffffff

Linker script and memory map

LOAD /usr/bin/../lib/gcc/arm-none-eabi/6.3.1/thumb/v6-m/crti.o
LOAD /usr/bin/../lib/gcc/arm-none-eabi/6.3.1/thumb/v6-m/crtbegin.o
LOAD /usr/bin/../lib/gcc/arm-none-eabi/6.3.1/../../../../arm-none-eabi/lib/thumb/v6-m/crt0.o
START GROUP
LOAD /usr/bin/../lib/gcc/arm-none-eabi/6.3.1/../../../../arm-none-eabi/lib/thumb/v6-m/libm.a
END GROUP
LOAD src/CMakeFiles/ClockController.elf.dir/startup_samd11.c.o
LOAD src/CMakeFiles/ClockController.elf.dir/system_samd11.c.o
LOAD src/CMakeFiles/ClockController.elf.dir/clockController/main.cpp.o
LOAD src/CMakeFiles/ClockController.elf.dir/clockController/i2c.cpp.o
LOAD src/CMakeFiles/ClockController.elf.dir/clockController/flipdot.cpp.o
LOAD src/CMakeFiles/ClockController.elf.dir/Adafruit-GFX-Library/Adafruit_GFX.cpp.o
LOAD /usr/bin/../lib/gcc/arm-none-eabi/6.3.1/../../../../arm-none-eabi/lib/thumb/v6-m/libstdc++_nano.a
LOAD /usr/bin/../lib/gcc/arm-none-eabi/6.3.1/../../../../arm-none-eabi/lib/thumb/v6-m/libm.a
START GROUP
LOAD /usr/bin/../lib/gcc/arm-none-eabi/6.3.1/thumb/v6-m/libgcc.a
LOAD /usr/bin/../lib/gcc/arm-none-eabi/6.3.1/../../../../arm-none-eabi/lib/thumb/v6-m/libc_nano.a
END GROUP
START GROUP
LOAD /usr/bin/../lib/gcc/arm-none-eabi/6.3.1/thumb/v6-m/libgcc.a
LOAD /usr/bin/../lib/gcc/arm-none-eabi/6.3.1/../../../../arm-none-eabi/lib/thumb/v6-m/libc_nano.a
LOAD /usr/bin/../lib/gcc/arm-none-eabi/6.3.1/../../../../arm-none-eabi/lib/thumb/v6-m/libnosys.a
END GROUP
START GROUP
LOAD /usr/bin/../lib/gcc/arm-none-eabi/6.3.1/thumb/v6-m/libgcc.a
LOAD /usr/bin/../lib/gcc/arm-none-eabi/6.3.1/../../../../arm-none-eabi/lib/thumb/v6-m/libc_nano.a
LOAD /usr/bin/../lib/gcc/arm-none-eabi/6.3.1/../../../../arm-none-eabi/lib/thumb/v6-m/libnosys.a
END GROUP
LOAD /usr/bin/../lib/gcc/arm-none-eabi/6.3.1/thumb/v6-m/crtend.o
LOAD /usr/bin/../lib/gcc/arm-none-eabi/6.3.1/thumb/v6-m/crtn.o
                0x0000000000000400                STACK_SIZE = DEFINED (STACK_SIZE)?STACK_SIZE:DEFINED (__stack_size__)?__stack_size__:0x400

.text           0x0000000000000000     0x1d10
                0x0000000000000000                . = ALIGN (0x4)
                0x0000000000000000                _sfixed = .
 *(.vectors .vectors.*)
 .vectors       0x0000000000000000       0x8c src/CMakeFiles/ClockController.elf.dir/startup_samd11.c.o
                0x0000000000000000                exception_table
 *(.text .text.* .gnu.linkonce.t.*)
 .text          0x000000000000008c       0x60 /usr/bin/../lib/gcc/arm-none-eabi/6.3.1/thumb/v6-m/crtbegin.o
 .text.Dummy_Handler
                0x00000000000000ec        0x2 src/CMakeFiles/ClockController.elf.dir/startup_samd11.c.o
                0x00000000000000ec                DMAC_Handler
                0x00000000000000ec                HardFault_Handler
                0x00000000000000ec                TC2_Handler
                0x00000000000000ec                AC_Handler
                0x00000000000000ec                SysTick_Handler
                0x00000000000000ec                PendSV_Handler
                0x00000000000000ec                NMI_Handler
                0x00000000000000ec                SERCOM1_Handler
                0x00000000000000ec                ADC_Handler
                0x00000000000000ec                SERCOM2_Handler
                0x00000000000000ec                TCC0_Handler
                0x00000000000000ec                RTC_Handler
                0x00000000000000ec                EIC_Handler
                0x00000000000000ec                WDT_Handler
                0x00000000000000ec                TC1_Handler
                0x00000000000000ec                USB_Handler
                0x00000000000000ec                Dummy_Handler
                0x00000000000000ec                PM_Handler
                0x00000000000000ec                SVC_Handler
                0x00000000000000ec                EVSYS_Handler
                0x00000000000000ec                NVMCTRL_Handler
                0x00000000000000ec                SERCOM0_Handler
                0x00000000000000ec                DAC_Handler
                0x00000000000000ec                PTC_Handler
                0x00000000000000ec                SYSCTRL_Handler
 *fill*         0x00000000000000ee        0x2 
 .text.Reset_Handler
                0x00000000000000f0       0xb4 src/CMakeFiles/ClockController.elf.dir/startup_samd11.c.o
                0x00000000000000f0                Reset_Handler
 .text._Z11small_delayv
                0x00000000000001a4       0x18 src/CMakeFiles/ClockController.elf.dir/clockController/main.cpp.o
                0x00000000000001a4                small_delay()
 .text.startup._GLOBAL__sub_I__Z11small_delayv
                0x00000000000001bc       0x14 src/CMakeFiles/ClockController.elf.dir/clockController/main.cpp.o
 .text._Z12text_examplev
                0x00000000000001d0      0x1c8 src/CMakeFiles/ClockController.elf.dir/clockController/main.cpp.o
                0x00000000000001d0                text_example()
 .text.startup.main
                0x0000000000000398        0xc src/CMakeFiles/ClockController.elf.dir/clockController/main.cpp.o
                0x0000000000000398                main
 .text._ZN7flipdot13invertDisplayEb
                0x00000000000003a4        0x6 src/CMakeFiles/ClockController.elf.dir/clockController/flipdot.cpp.o
                0x00000000000003a4                flipdot::invertDisplay(bool)
 .text._ZN7flipdot9drawPixelEsst
                0x00000000000003aa       0x40 src/CMakeFiles/ClockController.elf.dir/clockController/flipdot.cpp.o
                0x00000000000003aa                flipdot::drawPixel(short, short, unsigned short)
 *fill*         0x00000000000003ea        0x2 
 .text._ZN7flipdotC2Ett
                0x00000000000003ec       0x98 src/CMakeFiles/ClockController.elf.dir/clockController/flipdot.cpp.o
                0x00000000000003ec                flipdot::flipdot(unsigned short, unsigned short)
                0x00000000000003ec                flipdot::flipdot(unsigned short, unsigned short)
 .text._Z8transmith
                0x0000000000000484       0x14 src/CMakeFiles/ClockController.elf.dir/clockController/flipdot.cpp.o
                0x0000000000000484                transmit(unsigned char)
 .text._ZN7flipdot14TransmitBufferEv
                0x0000000000000498       0x3c src/CMakeFiles/ClockController.elf.dir/clockController/flipdot.cpp.o
                0x0000000000000498                flipdot::TransmitBuffer()
 .text._ZN12Adafruit_GFX8drawLineEsssst
                0x00000000000004d4       0xea src/CMakeFiles/ClockController.elf.dir/Adafruit-GFX-Library/Adafruit_GFX.cpp.o
                0x00000000000004d4                Adafruit_GFX::drawLine(short, short, short, short, unsigned short)
 .text._ZN12Adafruit_GFX8drawRectEsssst
                0x00000000000005be       0x6e src/CMakeFiles/ClockController.elf.dir/Adafruit-GFX-Library/Adafruit_GFX.cpp.o
                0x00000000000005be                Adafruit_GFX::drawRect(short, short, short, short, unsigned short)
 .text._ZN12Adafruit_GFX13drawFastVLineEssst
                0x000000000000062c       0x1a src/CMakeFiles/ClockController.elf.dir/Adafruit-GFX-Library/Adafruit_GFX.cpp.o
                0x000000000000062c                Adafruit_GFX::drawFastVLine(short, short, short, unsigned short)
 .text._ZN12Adafruit_GFX13drawFastHLineEssst
                0x0000000000000646       0x18 src/CMakeFiles/ClockController.elf.dir/Adafruit-GFX-Library/Adafruit_GFX.cpp.o
                0x0000000000000646                Adafruit_GFX::drawFastHLine(short, short, short, unsigned short)
 .text._ZN12Adafruit_GFX8fillRectEsssst
                0x000000000000065e       0x40 src/CMakeFiles/ClockController.elf.dir/Adafruit-GFX-Library/Adafruit_GFX.cpp.o
                0x000000000000065e                Adafruit_GFX::fillRect(short, short, short, short, unsigned short)
 .text._ZN12Adafruit_GFX10fillScreenEt
                0x000000000000069e       0x1a src/CMakeFiles/ClockController.elf.dir/Adafruit-GFX-Library/Adafruit_GFX.cpp.o
                0x000000000000069e                Adafruit_GFX::fillScreen(unsigned short)
 .text._ZN12Adafruit_GFX13invertDisplayEb
                0x00000000000006b8        0x2 src/CMakeFiles/ClockController.elf.dir/Adafruit-GFX-Library/Adafruit_GFX.cpp.o
                0x00000000000006b8                Adafruit_GFX::invertDisplay(bool)
 *fill*         0x00000000000006ba        0x2 
 .text._ZN12Adafruit_GFXC2Ess
                0x00000000000006bc       0x30 src/CMakeFiles/ClockController.elf.dir/Adafruit-GFX-Library/Adafruit_GFX.cpp.o
                0x00000000000006bc                Adafruit_GFX::Adafruit_GFX(short, short)
                0x00000000000006bc                Adafruit_GFX::Adafruit_GFX(short, short)
 .text._ZN12Adafruit_GFX8drawCharEsshtth
                0x00000000000006ec      0x110 src/CMakeFiles/ClockController.elf.dir/Adafruit-GFX-Library/Adafruit_GFX.cpp.o
                0x00000000000006ec                Adafruit_GFX::drawChar(short, short, unsigned char, unsigned short, unsigned short, unsigned char)
 .text._ZN12Adafruit_GFX5writeEh
                0x00000000000007fc       0x9e src/CMakeFiles/ClockController.elf.dir/Adafruit-GFX-Library/Adafruit_GFX.cpp.o
                0x00000000000007fc                Adafruit_GFX::write(unsigned char)
 .text._ZN12Adafruit_GFX9setCursorEss
                0x000000000000089a        0x6 src/CMakeFiles/ClockController.elf.dir/Adafruit-GFX-Library/Adafruit_GFX.cpp.o
                0x000000000000089a                Adafruit_GFX::setCursor(short, short)
 .text._ZN12Adafruit_GFX11setTextWrapEb
                0x00000000000008a0        0x4 src/CMakeFiles/ClockController.elf.dir/Adafruit-GFX-Library/Adafruit_GFX.cpp.o
                0x00000000000008a0                Adafruit_GFX::setTextWrap(bool)
 .text._ZN12Adafruit_GFX7setFontEPK7GFXfont
                0x00000000000008a4       0x1e src/CMakeFiles/ClockController.elf.dir/Adafruit-GFX-Library/Adafruit_GFX.cpp.o
                0x00000000000008a4                Adafruit_GFX::setFont(GFXfont const*)
 .text._ZNK12Adafruit_GFX5widthEv
                0x00000000000008c2        0x6 src/CMakeFiles/ClockController.elf.dir/Adafruit-GFX-Library/Adafruit_GFX.cpp.o
                0x00000000000008c2                Adafruit_GFX::width() const
 .text._ZNK12Adafruit_GFX6heightEv
                0x00000000000008c8        0x6 src/CMakeFiles/ClockController.elf.dir/Adafruit-GFX-Library/Adafruit_GFX.cpp.o
                0x00000000000008c8                Adafruit_GFX::height() const
 .text.__cxa_pure_virtual
                0x00000000000008ce        0x6 /usr/bin/../lib/gcc/arm-none-eabi/6.3.1/../../../../arm-none-eabi/lib/thumb/v6-m/libstdc++_nano.a(pure.o)
                0x00000000000008ce                __cxa_pure_virtual
 .text._ZN10__cxxabiv111__terminateEPFvvE
                0x00000000000008d4        0x8 /usr/bin/../lib/gcc/arm-none-eabi/6.3.1/../../../../arm-none-eabi/lib/thumb/v6-m/libstdc++_nano.a(eh_terminate.o)
                0x00000000000008d4                __cxxabiv1::__terminate(void (*)())
 .text._ZSt9terminatev
                0x00000000000008dc       0x10 /usr/bin/../lib/gcc/arm-none-eabi/6.3.1/../../../../arm-none-eabi/lib/thumb/v6-m/libstdc++_nano.a(eh_terminate.o)
                0x00000000000008dc                std::terminate()
 .text._ZN10__cxxabiv120__si_class_type_infoD2Ev
                0x00000000000008ec       0x18 /usr/bin/../lib/gcc/arm-none-eabi/6.3.1/../../../../arm-none-eabi/lib/thumb/v6-m/libstdc++_nano.a(si_class_type_info.o)
                0x00000000000008ec                __cxxabiv1::__si_class_type_info::~__si_class_type_info()
                0x00000000000008ec                __cxxabiv1::__si_class_type_info::~__si_class_type_info()
 .text._ZN10__cxxabiv120__si_class_type_infoD0Ev
                0x0000000000000904       0x14 /usr/bin/../lib/gcc/arm-none-eabi/6.3.1/../../../../arm-none-eabi/lib/thumb/v6-m/libstdc++_nano.a(si_class_type_info.o)
                0x0000000000000904                __cxxabiv1::__si_class_type_info::~__si_class_type_info()
 .text._ZNK10__cxxabiv120__si_class_type_info20__do_find_public_srcEiPKvPKNS_17__class_type_infoES2_
                0x0000000000000918       0x32 /usr/bin/../lib/gcc/arm-none-eabi/6.3.1/../../../../arm-none-eabi/lib/thumb/v6-m/libstdc++_nano.a(si_class_type_info.o)
                0x0000000000000918                __cxxabiv1::__si_class_type_info::__do_find_public_src(int, void const*, __cxxabiv1::__class_type_info const*, void const*) const
 .text._ZNK10__cxxabiv120__si_class_type_info12__do_dyncastEiNS_17__class_type_info10__sub_kindEPKS1_PKvS4_S6_RNS1_16__dyncast_resultE
                0x000000000000094a       0x84 /usr/bin/../lib/gcc/arm-none-eabi/6.3.1/../../../../arm-none-eabi/lib/thumb/v6-m/libstdc++_nano.a(si_class_type_info.o)
                0x000000000000094a                __cxxabiv1::__si_class_type_info::__do_dyncast(int, __cxxabiv1::__class_type_info::__sub_kind, __cxxabiv1::__class_type_info const*, void const*, __cxxabiv1::__class_type_info const*, void const*, __cxxabiv1::__class_type_info::__dyncast_result&) const
 .text._ZNK10__cxxabiv120__si_class_type_info11__do_upcastEPKNS_17__class_type_infoEPKvRNS1_15__upcast_resultE
                0x00000000000009ce       0x22 /usr/bin/../lib/gcc/arm-none-eabi/6.3.1/../../../../arm-none-eabi/lib/thumb/v6-m/libstdc++_nano.a(si_class_type_info.o)
                0x00000000000009ce                __cxxabiv1::__si_class_type_info::__do_upcast(__cxxabiv1::__class_type_info const*, void const*, __cxxabiv1::__class_type_info::__upcast_result&) const
 .text._ZNK10__cxxabiv117__class_type_info11__do_upcastEPKS0_PPv
                0x00000000000009f0       0x34 /usr/bin/../lib/gcc/arm-none-eabi/6.3.1/../../../../arm-none-eabi/lib/thumb/v6-m/libstdc++_nano.a(class_type_info.o)
                0x00000000000009f0                __cxxabiv1::__class_type_info::__do_upcast(__cxxabiv1::__class_type_info const*, void**) const
 .text._ZNK10__cxxabiv117__class_type_info20__do_find_public_srcEiPKvPKS0_S2_
                0x0000000000000a24        0xc /usr/bin/../lib/gcc/arm-none-eabi/6.3.1/../../../../arm-none-eabi/lib/thumb/v6-m/libstdc++_nano.a(class_type_info.o)
                0x0000000000000a24                __cxxabiv1::__class_type_info::__do_find_public_src(int, void const*, __cxxabiv1::__class_type_info const*, void const*) const
 .text._ZN10__cxxabiv117__class_type_infoD2Ev
                0x0000000000000a30       0x18 /usr/bin/../lib/gcc/arm-none-eabi/6.3.1/../../../../arm-none-eabi/lib/thumb/v6-m/libstdc++_nano.a(class_type_info.o)
                0x0000000000000a30                __cxxabiv1::__class_type_info::~__class_type_info()
                0x0000000000000a30                __cxxabiv1::__class_type_info::~__class_type_info()
 .text._ZN10__cxxabiv117__class_type_infoD0Ev
                0x0000000000000a48       0x14 /usr/bin/../lib/gcc/arm-none-eabi/6.3.1/../../../../arm-none-eabi/lib/thumb/v6-m/libstdc++_nano.a(class_type_info.o)
                0x0000000000000a48                __cxxabiv1::__class_type_info::~__class_type_info()
 .text._ZNK10__cxxabiv117__class_type_info11__do_upcastEPKS0_PKvRNS0_15__upcast_resultE
                0x0000000000000a5c       0x1a /usr/bin/../lib/gcc/arm-none-eabi/6.3.1/../../../../arm-none-eabi/lib/thumb/v6-m/libstdc++_nano.a(class_type_info.o)
                0x0000000000000a5c                __cxxabiv1::__class_type_info::__do_upcast(__cxxabiv1::__class_type_info const*, void const*, __cxxabiv1::__class_type_info::__upcast_result&) const
 .text._ZNK10__cxxabiv117__class_type_info10__do_catchEPKSt9type_infoPPvj
                0x0000000000000a76       0x24 /usr/bin/../lib/gcc/arm-none-eabi/6.3.1/../../../../arm-none-eabi/lib/thumb/v6-m/libstdc++_nano.a(class_type_info.o)
                0x0000000000000a76                __cxxabiv1::__class_type_info::__do_catch(std::type_info const*, void**, unsigned int) const
 .text._ZNK10__cxxabiv117__class_type_info12__do_dyncastEiNS0_10__sub_kindEPKS0_PKvS3_S5_RNS0_16__dyncast_resultE
                0x0000000000000a9a       0x3a /usr/bin/../lib/gcc/arm-none-eabi/6.3.1/../../../../arm-none-eabi/lib/thumb/v6-m/libstdc++_nano.a(class_type_info.o)
                0x0000000000000a9a                __cxxabiv1::__class_type_info::__do_dyncast(int, __cxxabiv1::__class_type_info::__sub_kind, __cxxabiv1::__class_type_info const*, void const*, __cxxabiv1::__class_type_info const*, void const*, __cxxabiv1::__class_type_info::__dyncast_result&) const
 .text._ZNSt9type_infoD2Ev
                0x0000000000000ad4        0x2 /usr/bin/../lib/gcc/arm-none-eabi/6.3.1/../../../../arm-none-eabi/lib/thumb/v6-m/libstdc++_nano.a(tinfo.o)
                0x0000000000000ad4                std::type_info::~type_info()
                0x0000000000000ad4                std::type_info::~type_info()
 .text._ZNKSt9type_info15__is_function_pEv
                0x0000000000000ad6        0x4 /usr/bin/../lib/gcc/arm-none-eabi/6.3.1/../../../../arm-none-eabi/lib/thumb/v6-m/libstdc++_nano.a(tinfo.o)
                0x0000000000000ad6                std::type_info::__is_function_p() const
                0x0000000000000ad6                std::type_info::__is_pointer_p() const
 .text._ZNKSt9type_infoeqERKS_
                0x0000000000000ada       0x2c /usr/bin/../lib/gcc/arm-none-eabi/6.3.1/../../../../arm-none-eabi/lib/thumb/v6-m/libstdc++_nano.a(tinfo.o)
                0x0000000000000ada                std::type_info::operator==(std::type_info const&) const
 .text._ZdlPvj  0x0000000000000b06        0x8 /usr/bin/../lib/gcc/arm-none-eabi/6.3.1/../../../../arm-none-eabi/lib/thumb/v6-m/libstdc++_nano.a(del_ops.o)
                0x0000000000000b06                operator delete(void*, unsigned int)
 .text._ZdlPv   0x0000000000000b0e        0x8 /usr/bin/../lib/gcc/arm-none-eabi/6.3.1/../../../../arm-none-eabi/lib/thumb/v6-m/libstdc++_nano.a(del_op.o)
                0x0000000000000b0e                operator delete(void*)
 *fill*         0x0000000000000b16        0x2 
 .text          0x0000000000000b18      0x1d4 /usr/bin/../lib/gcc/arm-none-eabi/6.3.1/thumb/v6-m/libgcc.a(_divsi3.o)
                0x0000000000000b18                __aeabi_idiv
                0x0000000000000b18                __divsi3
                0x0000000000000ce4                __aeabi_idivmod
 .text          0x0000000000000cec        0x4 /usr/bin/../lib/gcc/arm-none-eabi/6.3.1/thumb/v6-m/libgcc.a(_dvmd_tls.o)
                0x0000000000000cec                __aeabi_ldiv0
                0x0000000000000cec                __aeabi_idiv0
 .text          0x0000000000000cf0       0x7c /usr/bin/../lib/gcc/arm-none-eabi/6.3.1/thumb/v6-m/libgcc.a(_arm_cmpdf2.o)
                0x0000000000000cf0                __aeabi_cdrcmple
                0x0000000000000d00                __aeabi_cdcmple
                0x0000000000000d00                __aeabi_cdcmpeq
                0x0000000000000d10                __aeabi_dcmpeq
                0x0000000000000d1c                __aeabi_dcmplt
                0x0000000000000d30                __aeabi_dcmple
                0x0000000000000d44                __aeabi_dcmpgt
                0x0000000000000d58                __aeabi_dcmpge
 .text          0x0000000000000d6c       0x74 /usr/bin/../lib/gcc/arm-none-eabi/6.3.1/thumb/v6-m/libgcc.a(eqdf2.o)
                0x0000000000000d6c                __eqdf2
                0x0000000000000d6c                __nedf2
 .text          0x0000000000000de0       0xc8 /usr/bin/../lib/gcc/arm-none-eabi/6.3.1/thumb/v6-m/libgcc.a(gedf2.o)
                0x0000000000000de0                __gtdf2
                0x0000000000000de0                __gedf2
 .text          0x0000000000000ea8       0xc4 /usr/bin/../lib/gcc/arm-none-eabi/6.3.1/thumb/v6-m/libgcc.a(ledf2.o)
                0x0000000000000ea8                __ltdf2
                0x0000000000000ea8                __ledf2
 .text          0x0000000000000f6c       0x68 /usr/bin/../lib/gcc/arm-none-eabi/6.3.1/thumb/v6-m/libgcc.a(fixdfsi.o)
                0x0000000000000f6c                __aeabi_d2iz
 .text          0x0000000000000fd4       0x84 /usr/bin/../lib/gcc/arm-none-eabi/6.3.1/thumb/v6-m/libgcc.a(floatsidf.o)
                0x0000000000000fd4                __aeabi_i2d
 .text          0x0000000000001058       0x3c /usr/bin/../lib/gcc/arm-none-eabi/6.3.1/thumb/v6-m/libgcc.a(_clzsi2.o)
                0x0000000000001058                __clzsi2
 .text.abort    0x0000000000001094        0xe /usr/bin/../lib/gcc/arm-none-eabi/6.3.1/../../../../arm-none-eabi/lib/thumb/v6-m/libc_nano.a(lib_a-abort.o)
                0x0000000000001094                abort
 *fill*         0x00000000000010a2        0x2 
 .text.__libc_init_array
                0x00000000000010a4       0x48 /usr/bin/../lib/gcc/arm-none-eabi/6.3.1/../../../../arm-none-eabi/lib/thumb/v6-m/libc_nano.a(lib_a-init.o)
                0x00000000000010a4                __libc_init_array
 .text.free     0x00000000000010ec       0x14 /usr/bin/../lib/gcc/arm-none-eabi/6.3.1/../../../../arm-none-eabi/lib/thumb/v6-m/libc_nano.a(lib_a-malloc.o)
                0x00000000000010ec                free
 .text._free_r  0x0000000000001100       0x94 /usr/bin/../lib/gcc/arm-none-eabi/6.3.1/../../../../arm-none-eabi/lib/thumb/v6-m/libc_nano.a(lib_a-nano-freer.o)
                0x0000000000001100                _free_r
 .text._raise_r
                0x0000000000001194       0x54 /usr/bin/../lib/gcc/arm-none-eabi/6.3.1/../../../../arm-none-eabi/lib/thumb/v6-m/libc_nano.a(lib_a-signal.o)
                0x0000000000001194                _raise_r
 .text.raise    0x00000000000011e8       0x14 /usr/bin/../lib/gcc/arm-none-eabi/6.3.1/../../../../arm-none-eabi/lib/thumb/v6-m/libc_nano.a(lib_a-signal.o)
                0x00000000000011e8                raise
 .text._kill_r  0x00000000000011fc       0x24 /usr/bin/../lib/gcc/arm-none-eabi/6.3.1/../../../../arm-none-eabi/lib/thumb/v6-m/libc_nano.a(lib_a-signalr.o)
                0x00000000000011fc                _kill_r
 .text._getpid_r
                0x0000000000001220        0x8 /usr/bin/../lib/gcc/arm-none-eabi/6.3.1/../../../../arm-none-eabi/lib/thumb/v6-m/libc_nano.a(lib_a-signalr.o)
                0x0000000000001220                _getpid_r
 .text          0x0000000000001228       0x14 /usr/bin/../lib/gcc/arm-none-eabi/6.3.1/../../../../arm-none-eabi/lib/thumb/v6-m/libc_nano.a(lib_a-strcmp.o)
                0x0000000000001228                strcmp
 .text.__malloc_lock
                0x000000000000123c        0x2 /usr/bin/../lib/gcc/arm-none-eabi/6.3.1/../../../../arm-none-eabi/lib/thumb/v6-m/libc_nano.a(lib_a-mlock.o)
                0x000000000000123c                __malloc_lock
 .text.__malloc_unlock
                0x000000000000123e        0x2 /usr/bin/../lib/gcc/arm-none-eabi/6.3.1/../../../../arm-none-eabi/lib/thumb/v6-m/libc_nano.a(lib_a-mlock.o)
                0x000000000000123e                __malloc_unlock
 .text._getpid  0x0000000000001240       0x10 /usr/bin/../lib/gcc/arm-none-eabi/6.3.1/../../../../arm-none-eabi/lib/thumb/v6-m/libnosys.a(getpid.o)
                0x0000000000001240                _getpid
 .text._kill    0x0000000000001250       0x10 /usr/bin/../lib/gcc/arm-none-eabi/6.3.1/../../../../arm-none-eabi/lib/thumb/v6-m/libnosys.a(kill.o)
                0x0000000000001250                _kill
 .text._exit    0x0000000000001260        0x4 /usr/bin/../lib/gcc/arm-none-eabi/6.3.1/../../../../arm-none-eabi/lib/thumb/v6-m/libnosys.a(_exit.o)
                0x0000000000001260                _exit
 *(.glue_7t)
 .glue_7t       0x0000000000001264        0x0 linker stubs
 *(.glue_7)
 .glue_7        0x0000000000001264        0x0 linker stubs
 *(.rodata .rodata* .gnu.linkonce.r.*)
 .rodata._ZL14TomThumbGlyphs
                0x0000000000001264      0x2f8 src/CMakeFiles/ClockController.elf.dir/clockController/main.cpp.o
 .rodata._ZL15TomThumbBitmaps
                0x000000000000155c      0x1a2 src/CMakeFiles/ClockController.elf.dir/clockController/main.cpp.o
 .rodata._ZL17apple26pt7bGlyphs
                0x00000000000016fe      0x2f8 src/CMakeFiles/ClockController.elf.dir/clockController/main.cpp.o
 .rodata._ZL18apple26pt7bBitmaps
                0x00000000000019f6      0x181 src/CMakeFiles/ClockController.elf.dir/clockController/main.cpp.o
 *fill*         0x0000000000001b77        0x1 
 .rodata._ZL6apple2
                0x0000000000001b78        0xc src/CMakeFiles/ClockController.elf.dir/clockController/main.cpp.o
 .rodata._ZL8TomThumb
                0x0000000000001b84        0xc src/CMakeFiles/ClockController.elf.dir/clockController/main.cpp.o
 .rodata._ZTI7flipdot
                0x0000000000001b90        0xc src/CMakeFiles/ClockController.elf.dir/clockController/flipdot.cpp.o
                0x0000000000001b90                typeinfo for flipdot
 .rodata._ZTS7flipdot
                0x0000000000001b9c        0x9 src/CMakeFiles/ClockController.elf.dir/clockController/flipdot.cpp.o
                0x0000000000001b9c                typeinfo name for flipdot
 *fill*         0x0000000000001ba5        0x3 
 .rodata._ZTV7flipdot
                0x0000000000001ba8       0x2c src/CMakeFiles/ClockController.elf.dir/clockController/flipdot.cpp.o
                0x0000000000001ba8                vtable for flipdot
 .rodata._ZTI12Adafruit_GFX
                0x0000000000001bd4        0x8 src/CMakeFiles/ClockController.elf.dir/Adafruit-GFX-Library/Adafruit_GFX.cpp.o
                0x0000000000001bd4                typeinfo for Adafruit_GFX
 .rodata._ZTS12Adafruit_GFX
                0x0000000000001bdc        0xf src/CMakeFiles/ClockController.elf.dir/Adafruit-GFX-Library/Adafruit_GFX.cpp.o
                0x0000000000001bdc                typeinfo name for Adafruit_GFX
 *fill*         0x0000000000001beb        0x1 
 .rodata._ZTV12Adafruit_GFX
                0x0000000000001bec       0x2c src/CMakeFiles/ClockController.elf.dir/Adafruit-GFX-Library/Adafruit_GFX.cpp.o
                0x0000000000001bec                vtable for Adafruit_GFX
 .rodata._ZTIN10__cxxabiv120__si_class_type_infoE
                0x0000000000001c18        0xc /usr/bin/../lib/gcc/arm-none-eabi/6.3.1/../../../../arm-none-eabi/lib/thumb/v6-m/libstdc++_nano.a(si_class_type_info.o)
                0x0000000000001c18                typeinfo for __cxxabiv1::__si_class_type_info
 .rodata._ZTSN10__cxxabiv120__si_class_type_infoE
                0x0000000000001c24       0x25 /usr/bin/../lib/gcc/arm-none-eabi/6.3.1/../../../../arm-none-eabi/lib/thumb/v6-m/libstdc++_nano.a(si_class_type_info.o)
                0x0000000000001c24                typeinfo name for __cxxabiv1::__si_class_type_info
 *fill*         0x0000000000001c49        0x3 
 .rodata._ZTVN10__cxxabiv120__si_class_type_infoE
                0x0000000000001c4c       0x2c /usr/bin/../lib/gcc/arm-none-eabi/6.3.1/../../../../arm-none-eabi/lib/thumb/v6-m/libstdc++_nano.a(si_class_type_info.o)
                0x0000000000001c4c                vtable for __cxxabiv1::__si_class_type_info
 .rodata._ZTIN10__cxxabiv117__class_type_infoE
                0x0000000000001c78        0xc /usr/bin/../lib/gcc/arm-none-eabi/6.3.1/../../../../arm-none-eabi/lib/thumb/v6-m/libstdc++_nano.a(class_type_info.o)
                0x0000000000001c78                typeinfo for __cxxabiv1::__class_type_info
 .rodata._ZTSN10__cxxabiv117__class_type_infoE
                0x0000000000001c84       0x22 /usr/bin/../lib/gcc/arm-none-eabi/6.3.1/../../../../arm-none-eabi/lib/thumb/v6-m/libstdc++_nano.a(class_type_info.o)
                0x0000000000001c84                typeinfo name for __cxxabiv1::__class_type_info
 *fill*         0x0000000000001ca6        0x2 
 .rodata._ZTVN10__cxxabiv117__class_type_infoE
                0x0000000000001ca8       0x2c /usr/bin/../lib/gcc/arm-none-eabi/6.3.1/../../../../arm-none-eabi/lib/thumb/v6-m/libstdc++_nano.a(class_type_info.o)
                0x0000000000001ca8                vtable for __cxxabiv1::__class_type_info
 .rodata._ZTISt9type_info
                0x0000000000001cd4        0x8 /usr/bin/../lib/gcc/arm-none-eabi/6.3.1/../../../../arm-none-eabi/lib/thumb/v6-m/libstdc++_nano.a(tinfo.o)
                0x0000000000001cd4                typeinfo for std::type_info
 .rodata._ZTSSt9type_info
                0x0000000000001cdc        0xd /usr/bin/../lib/gcc/arm-none-eabi/6.3.1/../../../../arm-none-eabi/lib/thumb/v6-m/libstdc++_nano.a(tinfo.o)
                0x0000000000001cdc                typeinfo name for std::type_info
 *(.ARM.extab* .gnu.linkonce.armextab.*)
                0x0000000000001cec                . = ALIGN (0x4)
 *fill*         0x0000000000001ce9        0x3 
 *(.init)
 .init          0x0000000000001cec        0x4 /usr/bin/../lib/gcc/arm-none-eabi/6.3.1/thumb/v6-m/crti.o
                0x0000000000001cec                _init
 .init          0x0000000000001cf0        0x8 /usr/bin/../lib/gcc/arm-none-eabi/6.3.1/thumb/v6-m/crtn.o
                0x0000000000001cf8                . = ALIGN (0x4)
                0x0000000000001cf8                __preinit_array_start = .
 *(.preinit_array)
                0x0000000000001cf8                __preinit_array_end = .
                0x0000000000001cf8                . = ALIGN (0x4)
                0x0000000000001cf8                __init_array_start = .
 *(SORT(.init_array.*))
 *(.init_array)
 .init_array    0x0000000000001cf8        0x4 /usr/bin/../lib/gcc/arm-none-eabi/6.3.1/thumb/v6-m/crtbegin.o
 .init_array    0x0000000000001cfc        0x4 src/CMakeFiles/ClockController.elf.dir/clockController/main.cpp.o
                0x0000000000001d00                __init_array_end = .
                0x0000000000001d00                . = ALIGN (0x4)
 *crtbegin.o(.ctors)
 *(EXCLUDE_FILE(*crtend.o) .ctors)
 *(SORT(.ctors.*))
 *crtend.o(.ctors)
                0x0000000000001d00                . = ALIGN (0x4)
 *(.fini)
 .fini          0x0000000000001d00        0x4 /usr/bin/../lib/gcc/arm-none-eabi/6.3.1/thumb/v6-m/crti.o
                0x0000000000001d00                _fini
 .fini          0x0000000000001d04        0x8 /usr/bin/../lib/gcc/arm-none-eabi/6.3.1/thumb/v6-m/crtn.o
                0x0000000000001d0c                . = ALIGN (0x4)
                0x0000000000001d0c                __fini_array_start = .
 *(.fini_array)
 .fini_array    0x0000000000001d0c        0x4 /usr/bin/../lib/gcc/arm-none-eabi/6.3.1/thumb/v6-m/crtbegin.o
 *(SORT(.fini_array.*))
                0x0000000000001d10                __fini_array_end = .
 *crtbegin.o(.dtors)
 *(EXCLUDE_FILE(*crtend.o) .dtors)
 *(SORT(.dtors.*))
 *crtend.o(.dtors)
                0x0000000000001d10                . = ALIGN (0x4)
                0x0000000000001d10                _efixed = .
                [!provide]                        PROVIDE (__exidx_start, .)

.vfp11_veneer   0x0000000000001d10        0x0
 .vfp11_veneer  0x0000000000001d10        0x0 linker stubs

.v4_bx          0x0000000000001d10        0x0
 .v4_bx         0x0000000000001d10        0x0 linker stubs

.iplt           0x0000000000001d10        0x0
 .iplt          0x0000000000001d10        0x0 /usr/bin/../lib/gcc/arm-none-eabi/6.3.1/thumb/v6-m/crtbegin.o

.eh_frame       0x0000000000001d10        0x0
 .eh_frame      0x0000000000001d10        0x0 /usr/bin/../lib/gcc/arm-none-eabi/6.3.1/thumb/v6-m/crtbegin.o

.rel.dyn        0x0000000000001d10        0x0
 .rel.iplt      0x0000000000001d10        0x0 /usr/bin/../lib/gcc/arm-none-eabi/6.3.1/thumb/v6-m/crtbegin.o

.jcr            0x0000000000001d10        0x0
 .jcr           0x0000000000001d10        0x0 /usr/bin/../lib/gcc/arm-none-eabi/6.3.1/thumb/v6-m/crtbegin.o

.igot.plt       0x0000000000001d10        0x0
 .igot.plt      0x0000000000001d10        0x0 /usr/bin/../lib/gcc/arm-none-eabi/6.3.1/thumb/v6-m/crtbegin.o

.ARM.exidx
 *(.ARM.exidx* .gnu.linkonce.armexidx.*)
                [!provide]                        PROVIDE (__exidx_end, .)
                0x0000000000001d10                . = ALIGN (0x4)
                0x0000000000001d10                _etext = .

.relocate       0x0000000020000000       0x70 load address 0x0000000000001d10
                0x0000000020000000                . = ALIGN (0x4)
                0x0000000020000000                _srelocate = .
 *(.ramfunc .ramfunc.*)
 *(.data .data.*)
 .data.hours    0x0000000020000000        0x4 src/CMakeFiles/ClockController.elf.dir/clockController/main.cpp.o
                0x0000000020000000                hours
 .data.minutes  0x0000000020000004        0x4 src/CMakeFiles/ClockController.elf.dir/clockController/main.cpp.o
                0x0000000020000004                minutes
 .data._ZN10__cxxabiv119__terminate_handlerE
                0x0000000020000008        0x4 /usr/bin/../lib/gcc/arm-none-eabi/6.3.1/../../../../arm-none-eabi/lib/thumb/v6-m/libstdc++_nano.a(eh_term_handler.o)
                0x0000000020000008                __cxxabiv1::__terminate_handler
 .data._impure_ptr
                0x000000002000000c        0x4 /usr/bin/../lib/gcc/arm-none-eabi/6.3.1/../../../../arm-none-eabi/lib/thumb/v6-m/libc_nano.a(lib_a-impure.o)
                0x000000002000000c                _impure_ptr
 .data.impure_data
                0x0000000020000010       0x60 /usr/bin/../lib/gcc/arm-none-eabi/6.3.1/../../../../arm-none-eabi/lib/thumb/v6-m/libc_nano.a(lib_a-impure.o)
                0x0000000020000070                . = ALIGN (0x4)
                0x0000000020000070                _erelocate = .

.bss            0x0000000020000070       0x64 load address 0x0000000000001d80
                0x0000000020000070                . = ALIGN (0x4)
                0x0000000020000070                _sbss = .
                0x0000000020000070                _szero = .
 *(.bss .bss.*)
 .bss           0x0000000020000070       0x1c /usr/bin/../lib/gcc/arm-none-eabi/6.3.1/thumb/v6-m/crtbegin.o
 .bss._ZL2fd    0x000000002000008c       0x3c src/CMakeFiles/ClockController.elf.dir/clockController/main.cpp.o
 .bss.seconds   0x00000000200000c8        0x4 src/CMakeFiles/ClockController.elf.dir/clockController/main.cpp.o
                0x00000000200000c8                seconds
 .bss.__malloc_free_list
                0x00000000200000cc        0x4 /usr/bin/../lib/gcc/arm-none-eabi/6.3.1/../../../../arm-none-eabi/lib/thumb/v6-m/libc_nano.a(lib_a-nano-mallocr.o)
                0x00000000200000cc                __malloc_free_list
 *(COMMON)
 COMMON         0x00000000200000d0        0x4 /usr/bin/../lib/gcc/arm-none-eabi/6.3.1/../../../../arm-none-eabi/lib/thumb/v6-m/libc_nano.a(lib_a-reent.o)
                0x00000000200000d0                errno
                0x00000000200000d4                . = ALIGN (0x4)
                0x00000000200000d4                _ebss = .
                0x00000000200000d4                _ezero = .

.stack          0x00000000200000d4      0x404 load address 0x0000000000001de4
                0x00000000200000d8                . = ALIGN (0x8)
 *fill*         0x00000000200000d4        0x4 
                0x00000000200000d8                _sstack = .
                0x00000000200004d8                . = (. + STACK_SIZE)
 *fill*         0x00000000200000d8      0x400 
                0x00000000200004d8                . = ALIGN (0x8)
                0x00000000200004d8                _estack = .
                0x00000000200004d8                . = ALIGN (0x4)
                0x00000000200004d8                _end = .
                0x00000000200004d8                end = .
OUTPUT(src/ClockController.elf elf32-littlearm)

.ARM.attributes
                0x0000000000000000       0x28
 .ARM.attributes
                0x0000000000000000       0x1e /usr/bin/../lib/gcc/arm-none-eabi/6.3.1/thumb/v6-m/crti.o
 .ARM.attributes
                0x000000000000001e       0x2c /usr/bin/../lib/gcc/arm-none-eabi/6.3.1/thumb/v6-m/crtbegin.o
 .ARM.attributes
                0x000000000000004a       0x32 src/CMakeFiles/ClockController.elf.dir/startup_samd11.c.o
 .ARM.attributes
                0x000000000000007c       0x32 src/CMakeFiles/ClockController.elf.dir/clockController/main.cpp.o
 .ARM.attributes
                0x00000000000000ae       0x32 src/CMakeFiles/ClockController.elf.dir/clockController/flipdot.cpp.o
 .ARM.attributes
                0x00000000000000e0       0x32 src/CMakeFiles/ClockController.elf.dir/Adafruit-GFX-Library/Adafruit_GFX.cpp.o
 .ARM.attributes
                0x0000000000000112       0x2c /usr/bin/../lib/gcc/arm-none-eabi/6.3.1/../../../../arm-none-eabi/lib/thumb/v6-m/libstdc++_nano.a(pure.o)
 .ARM.attributes
                0x000000000000013e       0x2c /usr/bin/../lib/gcc/arm-none-eabi/6.3.1/../../../../arm-none-eabi/lib/thumb/v6-m/libstdc++_nano.a(eh_terminate.o)
 .ARM.attributes
                0x000000000000016a       0x2c /usr/bin/../lib/gcc/arm-none-eabi/6.3.1/../../../../arm-none-eabi/lib/thumb/v6-m/libstdc++_nano.a(si_class_type_info.o)
 .ARM.attributes
                0x0000000000000196       0x2c /usr/bin/../lib/gcc/arm-none-eabi/6.3.1/../../../../arm-none-eabi/lib/thumb/v6-m/libstdc++_nano.a(class_type_info.o)
 .ARM.attributes
                0x00000000000001c2       0x2c /usr/bin/../lib/gcc/arm-none-eabi/6.3.1/../../../../arm-none-eabi/lib/thumb/v6-m/libstdc++_nano.a(tinfo.o)
 .ARM.attributes
                0x00000000000001ee       0x2c /usr/bin/../lib/gcc/arm-none-eabi/6.3.1/../../../../arm-none-eabi/lib/thumb/v6-m/libstdc++_nano.a(eh_term_handler.o)
 .ARM.attributes
                0x000000000000021a       0x2c /usr/bin/../lib/gcc/arm-none-eabi/6.3.1/../../../../arm-none-eabi/lib/thumb/v6-m/libstdc++_nano.a(del_ops.o)
 .ARM.attributes
                0x0000000000000246       0x2c /usr/bin/../lib/gcc/arm-none-eabi/6.3.1/../../../../arm-none-eabi/lib/thumb/v6-m/libstdc++_nano.a(del_op.o)
 .ARM.attributes
                0x0000000000000272       0x1e /usr/bin/../lib/gcc/arm-none-eabi/6.3.1/thumb/v6-m/libgcc.a(_divsi3.o)
 .ARM.attributes
                0x0000000000000290       0x1e /usr/bin/../lib/gcc/arm-none-eabi/6.3.1/thumb/v6-m/libgcc.a(_dvmd_tls.o)
 .ARM.attributes
                0x00000000000002ae       0x1e /usr/bin/../lib/gcc/arm-none-eabi/6.3.1/thumb/v6-m/libgcc.a(_arm_cmpdf2.o)
 .ARM.attributes
                0x00000000000002cc       0x2c /usr/bin/../lib/gcc/arm-none-eabi/6.3.1/thumb/v6-m/libgcc.a(eqdf2.o)
 .ARM.attributes
                0x00000000000002f8       0x2c /usr/bin/../lib/gcc/arm-none-eabi/6.3.1/thumb/v6-m/libgcc.a(gedf2.o)
 .ARM.attributes
                0x0000000000000324       0x2c /usr/bin/../lib/gcc/arm-none-eabi/6.3.1/thumb/v6-m/libgcc.a(ledf2.o)
 .ARM.attributes
                0x0000000000000350       0x2c /usr/bin/../lib/gcc/arm-none-eabi/6.3.1/thumb/v6-m/libgcc.a(fixdfsi.o)
 .ARM.attributes
                0x000000000000037c       0x2c /usr/bin/../lib/gcc/arm-none-eabi/6.3.1/thumb/v6-m/libgcc.a(floatsidf.o)
 .ARM.attributes
                0x00000000000003a8       0x1e /usr/bin/../lib/gcc/arm-none-eabi/6.3.1/thumb/v6-m/libgcc.a(_clzsi2.o)
 .ARM.attributes
                0x00000000000003c6       0x2c /usr/bin/../lib/gcc/arm-none-eabi/6.3.1/../../../../arm-none-eabi/lib/thumb/v6-m/libc_nano.a(lib_a-abort.o)
 .ARM.attributes
                0x00000000000003f2       0x2c /usr/bin/../lib/gcc/arm-none-eabi/6.3.1/../../../../arm-none-eabi/lib/thumb/v6-m/libc_nano.a(lib_a-impure.o)
 .ARM.attributes
                0x000000000000041e       0x2c /usr/bin/../lib/gcc/arm-none-eabi/6.3.1/../../../../arm-none-eabi/lib/thumb/v6-m/libc_nano.a(lib_a-init.o)
 .ARM.attributes
                0x000000000000044a       0x2c /usr/bin/../lib/gcc/arm-none-eabi/6.3.1/../../../../arm-none-eabi/lib/thumb/v6-m/libc_nano.a(lib_a-malloc.o)
 .ARM.attributes
                0x0000000000000476       0x2c /usr/bin/../lib/gcc/arm-none-eabi/6.3.1/../../../../arm-none-eabi/lib/thumb/v6-m/libc_nano.a(lib_a-nano-freer.o)
 .ARM.attributes
                0x00000000000004a2       0x2c /usr/bin/../lib/gcc/arm-none-eabi/6.3.1/../../../../arm-none-eabi/lib/thumb/v6-m/libc_nano.a(lib_a-nano-mallocr.o)
 .ARM.attributes
                0x00000000000004ce       0x2c /usr/bin/../lib/gcc/arm-none-eabi/6.3.1/../../../../arm-none-eabi/lib/thumb/v6-m/libc_nano.a(lib_a-signal.o)
 .ARM.attributes
                0x00000000000004fa       0x2c /usr/bin/../lib/gcc/arm-none-eabi/6.3.1/../../../../arm-none-eabi/lib/thumb/v6-m/libc_nano.a(lib_a-signalr.o)
 .ARM.attributes
                0x0000000000000526       0x1c /usr/bin/../lib/gcc/arm-none-eabi/6.3.1/../../../../arm-none-eabi/lib/thumb/v6-m/libc_nano.a(lib_a-strcmp.o)
 .ARM.attributes
                0x0000000000000542       0x2c /usr/bin/../lib/gcc/arm-none-eabi/6.3.1/../../../../arm-none-eabi/lib/thumb/v6-m/libc_nano.a(lib_a-mlock.o)
 .ARM.attributes
                0x000000000000056e       0x2c /usr/bin/../lib/gcc/arm-none-eabi/6.3.1/../../../../arm-none-eabi/lib/thumb/v6-m/libc_nano.a(lib_a-reent.o)
 .ARM.attributes
                0x000000000000059a       0x2c /usr/bin/../lib/gcc/arm-none-eabi/6.3.1/../../../../arm-none-eabi/lib/thumb/v6-m/libnosys.a(getpid.o)
 .ARM.attributes
                0x00000000000005c6       0x2c /usr/bin/../lib/gcc/arm-none-eabi/6.3.1/../../../../arm-none-eabi/lib/thumb/v6-m/libnosys.a(kill.o)
 .ARM.attributes
                0x00000000000005f2       0x2c /usr/bin/../lib/gcc/arm-none-eabi/6.3.1/../../../../arm-none-eabi/lib/thumb/v6-m/libnosys.a(_exit.o)
 .ARM.attributes
                0x000000000000061e       0x1e /usr/bin/../lib/gcc/arm-none-eabi/6.3.1/thumb/v6-m/crtn.o

.comment        0x0000000000000000       0x7f
 .comment       0x0000000000000000       0x7f src/CMakeFiles/ClockController.elf.dir/startup_samd11.c.o
                                         0x80 (size before relaxing)
 .comment       0x000000000000007f       0x80 src/CMakeFiles/ClockController.elf.dir/clockController/main.cpp.o
 .comment       0x000000000000007f       0x80 src/CMakeFiles/ClockController.elf.dir/clockController/flipdot.cpp.o
 .comment       0x000000000000007f       0x80 src/CMakeFiles/ClockController.elf.dir/Adafruit-GFX-Library/Adafruit_GFX.cpp.o

.debug_info     0x0000000000000000     0xd445
 .debug_info    0x0000000000000000     0x2883 src/CMakeFiles/ClockController.elf.dir/startup_samd11.c.o
 .debug_info    0x0000000000002883     0x2032 src/CMakeFiles/ClockController.elf.dir/clockController/main.cpp.o
 .debug_info    0x00000000000048b5     0x4957 src/CMakeFiles/ClockController.elf.dir/clockController/flipdot.cpp.o
 .debug_info    0x000000000000920c     0x4239 src/CMakeFiles/ClockController.elf.dir/Adafruit-GFX-Library/Adafruit_GFX.cpp.o

.debug_abbrev   0x0000000000000000     0x1195
 .debug_abbrev  0x0000000000000000      0x25e src/CMakeFiles/ClockController.elf.dir/startup_samd11.c.o
 .debug_abbrev  0x000000000000025e      0x3f2 src/CMakeFiles/ClockController.elf.dir/clockController/main.cpp.o
 .debug_abbrev  0x0000000000000650      0x57a src/CMakeFiles/ClockController.elf.dir/clockController/flipdot.cpp.o
 .debug_abbrev  0x0000000000000bca      0x5cb src/CMakeFiles/ClockController.elf.dir/Adafruit-GFX-Library/Adafruit_GFX.cpp.o

.debug_loc      0x0000000000000000     0x2c65
 .debug_loc     0x0000000000000000       0x2b src/CMakeFiles/ClockController.elf.dir/startup_samd11.c.o
 .debug_loc     0x000000000000002b       0xb9 src/CMakeFiles/ClockController.elf.dir/clockController/main.cpp.o
 .debug_loc     0x00000000000000e4      0x236 src/CMakeFiles/ClockController.elf.dir/clockController/flipdot.cpp.o
 .debug_loc     0x000000000000031a     0x294b src/CMakeFiles/ClockController.elf.dir/Adafruit-GFX-Library/Adafruit_GFX.cpp.o

.debug_aranges  0x0000000000000000      0x1f0
 .debug_aranges
                0x0000000000000000       0x28 src/CMakeFiles/ClockController.elf.dir/startup_samd11.c.o
 .debug_aranges
                0x0000000000000028       0x40 src/CMakeFiles/ClockController.elf.dir/clockController/main.cpp.o
 .debug_aranges
                0x0000000000000068       0x40 src/CMakeFiles/ClockController.elf.dir/clockController/flipdot.cpp.o
 .debug_aranges
                0x00000000000000a8      0x148 src/CMakeFiles/ClockController.elf.dir/Adafruit-GFX-Library/Adafruit_GFX.cpp.o

.debug_ranges   0x0000000000000000      0x238
 .debug_ranges  0x0000000000000000       0x18 src/CMakeFiles/ClockController.elf.dir/startup_samd11.c.o
 .debug_ranges  0x0000000000000018       0x30 src/CMakeFiles/ClockController.elf.dir/clockController/main.cpp.o
 .debug_ranges  0x0000000000000048       0x70 src/CMakeFiles/ClockController.elf.dir/clockController/flipdot.cpp.o
 .debug_ranges  0x00000000000000b8      0x180 src/CMakeFiles/ClockController.elf.dir/Adafruit-GFX-Library/Adafruit_GFX.cpp.o

.debug_macro    0x0000000000000000    0x10a58
 .debug_macro   0x0000000000000000      0x256 src/CMakeFiles/ClockController.elf.dir/startup_samd11.c.o
 .debug_macro   0x0000000000000256      0x8b6 src/CMakeFiles/ClockController.elf.dir/startup_samd11.c.o
 .debug_macro   0x0000000000000b0c      0x34e src/CMakeFiles/ClockController.elf.dir/startup_samd11.c.o
 .debug_macro   0x0000000000000e5a       0x40 src/CMakeFiles/ClockController.elf.dir/startup_samd11.c.o
 .debug_macro   0x0000000000000e9a       0x3a src/CMakeFiles/ClockController.elf.dir/startup_samd11.c.o
 .debug_macro   0x0000000000000ed4       0x1f src/CMakeFiles/ClockController.elf.dir/startup_samd11.c.o
 .debug_macro   0x0000000000000ef3      0x250 src/CMakeFiles/ClockController.elf.dir/startup_samd11.c.o
 .debug_macro   0x0000000000001143      0x67d src/CMakeFiles/ClockController.elf.dir/startup_samd11.c.o
 .debug_macro   0x00000000000017c0      0x8b0 src/CMakeFiles/ClockController.elf.dir/startup_samd11.c.o
 .debug_macro   0x0000000000002070      0x22e src/CMakeFiles/ClockController.elf.dir/startup_samd11.c.o
 .debug_macro   0x000000000000229e      0xc0c src/CMakeFiles/ClockController.elf.dir/startup_samd11.c.o
 .debug_macro   0x0000000000002eaa      0x5b6 src/CMakeFiles/ClockController.elf.dir/startup_samd11.c.o
 .debug_macro   0x0000000000003460      0x7c6 src/CMakeFiles/ClockController.elf.dir/startup_samd11.c.o
 .debug_macro   0x0000000000003c26      0x4e2 src/CMakeFiles/ClockController.elf.dir/startup_samd11.c.o
 .debug_macro   0x0000000000004108      0x37e src/CMakeFiles/ClockController.elf.dir/startup_samd11.c.o
 .debug_macro   0x0000000000004486      0x188 src/CMakeFiles/ClockController.elf.dir/startup_samd11.c.o
 .debug_macro   0x000000000000460e      0x21c src/CMakeFiles/ClockController.elf.dir/startup_samd11.c.o
 .debug_macro   0x000000000000482a      0x734 src/CMakeFiles/ClockController.elf.dir/startup_samd11.c.o
 .debug_macro   0x0000000000004f5e       0x5e src/CMakeFiles/ClockController.elf.dir/startup_samd11.c.o
 .debug_macro   0x0000000000004fbc      0x623 src/CMakeFiles/ClockController.elf.dir/startup_samd11.c.o
 .debug_macro   0x00000000000055df      0x3ab src/CMakeFiles/ClockController.elf.dir/startup_samd11.c.o
 .debug_macro   0x000000000000598a      0xc75 src/CMakeFiles/ClockController.elf.dir/startup_samd11.c.o
 .debug_macro   0x00000000000065ff     0x1092 src/CMakeFiles/ClockController.elf.dir/startup_samd11.c.o
 .debug_macro   0x0000000000007691      0xc19 src/CMakeFiles/ClockController.elf.dir/startup_samd11.c.o
 .debug_macro   0x00000000000082aa      0x6ba src/CMakeFiles/ClockController.elf.dir/startup_samd11.c.o
 .debug_macro   0x0000000000008964     0x1b82 src/CMakeFiles/ClockController.elf.dir/startup_samd11.c.o
 .debug_macro   0x000000000000a4e6      0xb7c src/CMakeFiles/ClockController.elf.dir/startup_samd11.c.o
 .debug_macro   0x000000000000b062      0x33f src/CMakeFiles/ClockController.elf.dir/startup_samd11.c.o
 .debug_macro   0x000000000000b3a1       0x7c src/CMakeFiles/ClockController.elf.dir/startup_samd11.c.o
 .debug_macro   0x000000000000b41d       0xa0 src/CMakeFiles/ClockController.elf.dir/startup_samd11.c.o
 .debug_macro   0x000000000000b4bd       0x4c src/CMakeFiles/ClockController.elf.dir/startup_samd11.c.o
 .debug_macro   0x000000000000b509       0xca src/CMakeFiles/ClockController.elf.dir/startup_samd11.c.o
 .debug_macro   0x000000000000b5d3       0xb8 src/CMakeFiles/ClockController.elf.dir/startup_samd11.c.o
 .debug_macro   0x000000000000b68b       0x58 src/CMakeFiles/ClockController.elf.dir/startup_samd11.c.o
 .debug_macro   0x000000000000b6e3      0x200 src/CMakeFiles/ClockController.elf.dir/startup_samd11.c.o
 .debug_macro   0x000000000000b8e3       0x82 src/CMakeFiles/ClockController.elf.dir/startup_samd11.c.o
 .debug_macro   0x000000000000b965      0x188 src/CMakeFiles/ClockController.elf.dir/startup_samd11.c.o
 .debug_macro   0x000000000000baed       0xa0 src/CMakeFiles/ClockController.elf.dir/startup_samd11.c.o
 .debug_macro   0x000000000000bb8d       0xac src/CMakeFiles/ClockController.elf.dir/startup_samd11.c.o
 .debug_macro   0x000000000000bc39       0x1c src/CMakeFiles/ClockController.elf.dir/startup_samd11.c.o
 .debug_macro   0x000000000000bc55       0x1c src/CMakeFiles/ClockController.elf.dir/startup_samd11.c.o
 .debug_macro   0x000000000000bc71       0x1c src/CMakeFiles/ClockController.elf.dir/startup_samd11.c.o
 .debug_macro   0x000000000000bc8d       0x82 src/CMakeFiles/ClockController.elf.dir/startup_samd11.c.o
 .debug_macro   0x000000000000bd0f      0x112 src/CMakeFiles/ClockController.elf.dir/startup_samd11.c.o
 .debug_macro   0x000000000000be21       0xdc src/CMakeFiles/ClockController.elf.dir/startup_samd11.c.o
 .debug_macro   0x000000000000befd      0x124 src/CMakeFiles/ClockController.elf.dir/startup_samd11.c.o
 .debug_macro   0x000000000000c021      0x124 src/CMakeFiles/ClockController.elf.dir/startup_samd11.c.o
 .debug_macro   0x000000000000c145      0x124 src/CMakeFiles/ClockController.elf.dir/startup_samd11.c.o
 .debug_macro   0x000000000000c269      0x124 src/CMakeFiles/ClockController.elf.dir/startup_samd11.c.o
 .debug_macro   0x000000000000c38d       0xe2 src/CMakeFiles/ClockController.elf.dir/startup_samd11.c.o
 .debug_macro   0x000000000000c46f       0xe2 src/CMakeFiles/ClockController.elf.dir/startup_samd11.c.o
 .debug_macro   0x000000000000c551      0x12a src/CMakeFiles/ClockController.elf.dir/startup_samd11.c.o
 .debug_macro   0x000000000000c67b      0x1f9 src/CMakeFiles/ClockController.elf.dir/startup_samd11.c.o
 .debug_macro   0x000000000000c874       0x40 src/CMakeFiles/ClockController.elf.dir/startup_samd11.c.o
 .debug_macro   0x000000000000c8b4      0x306 src/CMakeFiles/ClockController.elf.dir/startup_samd11.c.o
 .debug_macro   0x000000000000cbba      0xff8 src/CMakeFiles/ClockController.elf.dir/startup_samd11.c.o
 .debug_macro   0x000000000000dbb2       0x5f src/CMakeFiles/ClockController.elf.dir/startup_samd11.c.o
 .debug_macro   0x000000000000dc11      0x471 src/CMakeFiles/ClockController.elf.dir/clockController/main.cpp.o
 .debug_macro   0x000000000000e082      0x994 src/CMakeFiles/ClockController.elf.dir/clockController/main.cpp.o
 .debug_macro   0x000000000000ea16      0x250 src/CMakeFiles/ClockController.elf.dir/clockController/main.cpp.o
 .debug_macro   0x000000000000ec66      0x143 src/CMakeFiles/ClockController.elf.dir/clockController/main.cpp.o
 .debug_macro   0x000000000000eda9       0x10 src/CMakeFiles/ClockController.elf.dir/clockController/main.cpp.o
 .debug_macro   0x000000000000edb9      0x3c3 src/CMakeFiles/ClockController.elf.dir/clockController/main.cpp.o
 .debug_macro   0x000000000000f17c       0x18 src/CMakeFiles/ClockController.elf.dir/clockController/main.cpp.o
 .debug_macro   0x000000000000f194       0x22 src/CMakeFiles/ClockController.elf.dir/clockController/main.cpp.o
 .debug_macro   0x000000000000f1b6       0x52 src/CMakeFiles/ClockController.elf.dir/clockController/main.cpp.o
 .debug_macro   0x000000000000f208       0x8d src/CMakeFiles/ClockController.elf.dir/clockController/main.cpp.o
 .debug_macro   0x000000000000f295       0x35 src/CMakeFiles/ClockController.elf.dir/clockController/main.cpp.o
 .debug_macro   0x000000000000f2ca       0x9c src/CMakeFiles/ClockController.elf.dir/clockController/main.cpp.o
 .debug_macro   0x000000000000f366      0x17b src/CMakeFiles/ClockController.elf.dir/clockController/main.cpp.o
 .debug_macro   0x000000000000f4e1       0x57 src/CMakeFiles/ClockController.elf.dir/clockController/main.cpp.o
 .debug_macro   0x000000000000f538       0x58 src/CMakeFiles/ClockController.elf.dir/clockController/main.cpp.o
 .debug_macro   0x000000000000f590       0x1f src/CMakeFiles/ClockController.elf.dir/clockController/main.cpp.o
 .debug_macro   0x000000000000f5af       0x43 src/CMakeFiles/ClockController.elf.dir/clockController/main.cpp.o
 .debug_macro   0x000000000000f5f2       0x20 src/CMakeFiles/ClockController.elf.dir/clockController/main.cpp.o
 .debug_macro   0x000000000000f612      0x187 src/CMakeFiles/ClockController.elf.dir/clockController/main.cpp.o
 .debug_macro   0x000000000000f799      0x337 src/CMakeFiles/ClockController.elf.dir/clockController/main.cpp.o
 .debug_macro   0x000000000000fad0      0x1da src/CMakeFiles/ClockController.elf.dir/clockController/main.cpp.o
 .debug_macro   0x000000000000fcaa      0x3d3 src/CMakeFiles/ClockController.elf.dir/clockController/main.cpp.o
 .debug_macro   0x000000000001007d       0x16 src/CMakeFiles/ClockController.elf.dir/clockController/main.cpp.o
 .debug_macro   0x0000000000010093       0x35 src/CMakeFiles/ClockController.elf.dir/clockController/main.cpp.o
 .debug_macro   0x00000000000100c8       0x1c src/CMakeFiles/ClockController.elf.dir/clockController/main.cpp.o
 .debug_macro   0x00000000000100e4       0x10 src/CMakeFiles/ClockController.elf.dir/clockController/main.cpp.o
 .debug_macro   0x00000000000100f4       0x10 src/CMakeFiles/ClockController.elf.dir/clockController/main.cpp.o
 .debug_macro   0x0000000000010104       0x6a src/CMakeFiles/ClockController.elf.dir/clockController/main.cpp.o
 .debug_macro   0x000000000001016e       0x1c src/CMakeFiles/ClockController.elf.dir/clockController/main.cpp.o
 .debug_macro   0x000000000001018a       0x52 src/CMakeFiles/ClockController.elf.dir/clockController/main.cpp.o
 .debug_macro   0x00000000000101dc       0x40 src/CMakeFiles/ClockController.elf.dir/clockController/main.cpp.o
 .debug_macro   0x000000000001021c       0x10 src/CMakeFiles/ClockController.elf.dir/clockController/main.cpp.o
 .debug_macro   0x000000000001022c       0x40 src/CMakeFiles/ClockController.elf.dir/clockController/main.cpp.o
 .debug_macro   0x000000000001026c       0xd7 src/CMakeFiles/ClockController.elf.dir/clockController/main.cpp.o
 .debug_macro   0x0000000000010343       0x16 src/CMakeFiles/ClockController.elf.dir/clockController/main.cpp.o
 .debug_macro   0x0000000000010359      0x18b src/CMakeFiles/ClockController.elf.dir/clockController/main.cpp.o
 .debug_macro   0x00000000000104e4      0x39d src/CMakeFiles/ClockController.elf.dir/clockController/flipdot.cpp.o
 .debug_macro   0x0000000000010881       0x46 src/CMakeFiles/ClockController.elf.dir/clockController/flipdot.cpp.o
 .debug_macro   0x00000000000108c7      0x191 src/CMakeFiles/ClockController.elf.dir/Adafruit-GFX-Library/Adafruit_GFX.cpp.o

.debug_line     0x0000000000000000     0x1a3b
 .debug_line    0x0000000000000000      0x382 src/CMakeFiles/ClockController.elf.dir/startup_samd11.c.o
 .debug_line    0x0000000000000382      0x785 src/CMakeFiles/ClockController.elf.dir/clockController/main.cpp.o
 .debug_line    0x0000000000000b07      0x689 src/CMakeFiles/ClockController.elf.dir/clockController/flipdot.cpp.o
 .debug_line    0x0000000000001190      0x8ab src/CMakeFiles/ClockController.elf.dir/Adafruit-GFX-Library/Adafruit_GFX.cpp.o

.debug_str      0x0000000000000000    0x628a8
 .debug_str     0x0000000000000000    0x5a48f src/CMakeFiles/ClockController.elf.dir/startup_samd11.c.o
                                      0x5a844 (size before relaxing)
 .debug_str     0x000000000005a48f     0x6e79 src/CMakeFiles/ClockController.elf.dir/clockController/main.cpp.o
                                      0x60947 (size before relaxing)
 .debug_str     0x0000000000061308      0xbbf src/CMakeFiles/ClockController.elf.dir/clockController/flipdot.cpp.o
                                      0x607a1 (size before relaxing)
 .debug_str     0x0000000000061ec7      0x9e1 src/CMakeFiles/ClockController.elf.dir/Adafruit-GFX-Library/Adafruit_GFX.cpp.o
                                       0x94c9 (size before relaxing)

.debug_frame    0x0000000000000000      0xc84
 .debug_frame   0x0000000000000000       0x3c src/CMakeFiles/ClockController.elf.dir/startup_samd11.c.o
 .debug_frame   0x000000000000003c       0x88 src/CMakeFiles/ClockController.elf.dir/clockController/main.cpp.o
 .debug_frame   0x00000000000000c4       0x84 src/CMakeFiles/ClockController.elf.dir/clockController/flipdot.cpp.o
 .debug_frame   0x0000000000000148      0x3d8 src/CMakeFiles/ClockController.elf.dir/Adafruit-GFX-Library/Adafruit_GFX.cpp.o
 .debug_frame   0x0000000000000520       0x40 /usr/bin/../lib/gcc/arm-none-eabi/6.3.1/../../../../arm-none-eabi/lib/thumb/v6-m/libstdc++_nano.a(pure.o)
 .debug_frame   0x0000000000000560       0xb0 /usr/bin/../lib/gcc/arm-none-eabi/6.3.1/../../../../arm-none-eabi/lib/thumb/v6-m/libstdc++_nano.a(eh_terminate.o)
 .debug_frame   0x0000000000000610       0xa4 /usr/bin/../lib/gcc/arm-none-eabi/6.3.1/../../../../arm-none-eabi/lib/thumb/v6-m/libstdc++_nano.a(si_class_type_info.o)
 .debug_frame   0x00000000000006b4       0xd0 /usr/bin/../lib/gcc/arm-none-eabi/6.3.1/../../../../arm-none-eabi/lib/thumb/v6-m/libstdc++_nano.a(class_type_info.o)
 .debug_frame   0x0000000000000784       0x88 /usr/bin/../lib/gcc/arm-none-eabi/6.3.1/../../../../arm-none-eabi/lib/thumb/v6-m/libstdc++_nano.a(tinfo.o)
 .debug_frame   0x000000000000080c       0x28 /usr/bin/../lib/gcc/arm-none-eabi/6.3.1/../../../../arm-none-eabi/lib/thumb/v6-m/libstdc++_nano.a(del_ops.o)
 .debug_frame   0x0000000000000834       0x28 /usr/bin/../lib/gcc/arm-none-eabi/6.3.1/../../../../arm-none-eabi/lib/thumb/v6-m/libstdc++_nano.a(del_op.o)
 .debug_frame   0x000000000000085c       0x20 /usr/bin/../lib/gcc/arm-none-eabi/6.3.1/thumb/v6-m/libgcc.a(_divsi3.o)
 .debug_frame   0x000000000000087c       0x38 /usr/bin/../lib/gcc/arm-none-eabi/6.3.1/thumb/v6-m/libgcc.a(eqdf2.o)
 .debug_frame   0x00000000000008b4       0x38 /usr/bin/../lib/gcc/arm-none-eabi/6.3.1/thumb/v6-m/libgcc.a(gedf2.o)
 .debug_frame   0x00000000000008ec       0x38 /usr/bin/../lib/gcc/arm-none-eabi/6.3.1/thumb/v6-m/libgcc.a(ledf2.o)
 .debug_frame   0x0000000000000924       0x2c /usr/bin/../lib/gcc/arm-none-eabi/6.3.1/thumb/v6-m/libgcc.a(fixdfsi.o)
 .debug_frame   0x0000000000000950       0x2c /usr/bin/../lib/gcc/arm-none-eabi/6.3.1/thumb/v6-m/libgcc.a(floatsidf.o)
 .debug_frame   0x000000000000097c       0x28 /usr/bin/../lib/gcc/arm-none-eabi/6.3.1/../../../../arm-none-eabi/lib/thumb/v6-m/libc_nano.a(lib_a-abort.o)
 .debug_frame   0x00000000000009a4       0x2c /usr/bin/../lib/gcc/arm-none-eabi/6.3.1/../../../../arm-none-eabi/lib/thumb/v6-m/libc_nano.a(lib_a-init.o)
 .debug_frame   0x00000000000009d0       0x40 /usr/bin/../lib/gcc/arm-none-eabi/6.3.1/../../../../arm-none-eabi/lib/thumb/v6-m/libc_nano.a(lib_a-malloc.o)
 .debug_frame   0x0000000000000a10       0x2c /usr/bin/../lib/gcc/arm-none-eabi/6.3.1/../../../../arm-none-eabi/lib/thumb/v6-m/libc_nano.a(lib_a-nano-freer.o)
 .debug_frame   0x0000000000000a3c       0x2c /usr/bin/../lib/gcc/arm-none-eabi/6.3.1/../../../../arm-none-eabi/lib/thumb/v6-m/libc_nano.a(lib_a-nano-mallocr.o)
 .debug_frame   0x0000000000000a68       0xe0 /usr/bin/../lib/gcc/arm-none-eabi/6.3.1/../../../../arm-none-eabi/lib/thumb/v6-m/libc_nano.a(lib_a-signal.o)
 .debug_frame   0x0000000000000b48       0x44 /usr/bin/../lib/gcc/arm-none-eabi/6.3.1/../../../../arm-none-eabi/lib/thumb/v6-m/libc_nano.a(lib_a-signalr.o)
 .debug_frame   0x0000000000000b8c       0x20 /usr/bin/../lib/gcc/arm-none-eabi/6.3.1/../../../../arm-none-eabi/lib/thumb/v6-m/libc_nano.a(lib_a-strcmp.o)
 .debug_frame   0x0000000000000bac       0x30 /usr/bin/../lib/gcc/arm-none-eabi/6.3.1/../../../../arm-none-eabi/lib/thumb/v6-m/libc_nano.a(lib_a-mlock.o)
 .debug_frame   0x0000000000000bdc       0x48 /usr/bin/../lib/gcc/arm-none-eabi/6.3.1/../../../../arm-none-eabi/lib/thumb/v6-m/libc_nano.a(lib_a-reent.o)
 .debug_frame   0x0000000000000c24       0x20 /usr/bin/../lib/gcc/arm-none-eabi/6.3.1/../../../../arm-none-eabi/lib/thumb/v6-m/libnosys.a(getpid.o)
 .debug_frame   0x0000000000000c44       0x20 /usr/bin/../lib/gcc/arm-none-eabi/6.3.1/../../../../arm-none-eabi/lib/thumb/v6-m/libnosys.a(kill.o)
 .debug_frame   0x0000000000000c64       0x20 /usr/bin/../lib/gcc/arm-none-eabi/6.3.1/../../../../arm-none-eabi/lib/thumb/v6-m/libnosys.a(_exit.o)

.stab           0x0000000000000000       0x3c
 .stab          0x0000000000000000       0x24 /usr/bin/../lib/gcc/arm-none-eabi/6.3.1/../../../../arm-none-eabi/lib/thumb/v6-m/libnosys.a(getpid.o)
 .stab          0x0000000000000024       0x18 /usr/bin/../lib/gcc/arm-none-eabi/6.3.1/../../../../arm-none-eabi/lib/thumb/v6-m/libnosys.a(kill.o)
                                         0x24 (size before relaxing)

.stabstr        0x0000000000000000       0x76
 .stabstr       0x0000000000000000       0x76 /usr/bin/../lib/gcc/arm-none-eabi/6.3.1/../../../../arm-none-eabi/lib/thumb/v6-m/libnosys.a(getpid.o)
